// Vitest Snapshot v1, https://vitest.dev/guide/snapshot.html

exports[`Settings - RTL > RTL snapshot 1`] = `
<main
  class="flex min-h-full gap-6 overflow-auto p-4"
  data-group="general"
  data-testid="settings"
>
  <nav
    aria-label="קבוצות ההגדרות"
    class="sticky top-0 hidden h-fit shrink-0 cols:block"
  >
    <ul
      class="m-0 flex list-none flex-col gap-1 p-0"
    >
      <li>
        <button
          class="btn btn-quiet"
          data-testid="settings-nav-general"
          type="button"
        >
          כללי
        </button>
      </li>
      <li>
        <button
          class="btn btn-quiet"
          data-testid="settings-nav-ai"
          type="button"
        >
          מנוע הבינה
        </button>
      </li>
      <li>
        <button
          class="btn btn-quiet"
          data-testid="settings-nav-whatsapp"
          type="button"
        >
          וואטסאפ
        </button>
      </li>
      <li>
        <button
          class="btn btn-quiet"
          data-testid="settings-nav-calendar"
          type="button"
        >
          יומן Google
        </button>
      </li>
      <li>
        <button
          class="btn btn-quiet"
          data-testid="settings-nav-auto"
          type="button"
        >
          מצב אוטומטי
        </button>
      </li>
      <li>
        <button
          class="btn btn-quiet"
          data-testid="settings-nav-rules"
          type="button"
        >
          כללי עבודה
        </button>
      </li>
      <li>
        <button
          class="btn btn-quiet"
          data-testid="settings-nav-replies"
          type="button"
        >
          תשובות
        </button>
      </li>
      <li>
        <button
          class="btn btn-quiet"
          data-testid="settings-nav-privacy"
          type="button"
        >
          פרטיות ונתונים
        </button>
      </li>
    </ul>
  </nav>
  <div
    class="flex w-full max-w-[45rem] flex-col gap-4"
  >
    <div
      class="flex items-center gap-2"
    >
      <h1
        class="m-0 text-xl"
      >
        הגדרות
      </h1>
      <span
        class="grow"
      />
    </div>
    <section
      aria-labelledby="settings-h-general"
      class="border-t border-line pt-4"
      data-testid="settings-group-general"
      id="settings-group-general"
    >
      <h2
        class="mt-0 mb-1 text-md font-semibold"
        id="settings-h-general"
      >
        כללי
      </h2>
      <div
        class="flex flex-wrap items-center gap-3 border-b border-line py-3 last:border-b-0"
        data-testid="settings-row-language"
      >
        <div
          class="flex min-w-60 grow basis-60 flex-col"
        >
          <span
            class="font-semibold"
            id="row-language"
          >
            שפה
          </span>
        </div>
        <div
          class="flex flex-wrap items-center gap-2"
        >
          <div
            aria-labelledby="row-language"
            class="flex items-center gap-2"
            role="radiogroup"
          >
            <label
              class="flex items-center gap-1"
            >
              <input
                checked=""
                data-testid="settings-language-system"
                name="settings-language"
                type="radio"
                value="system"
              />
              <span>
                השפה של Windows
              </span>
            </label>
            <label
              class="flex items-center gap-1"
              lang="he"
            >
              <input
                data-testid="settings-language-he"
                name="settings-language"
                type="radio"
                value="he"
              />
              <span>
                עברית
              </span>
            </label>
            <label
              class="flex items-center gap-1"
              lang="en"
            >
              <input
                data-testid="settings-language-en"
                name="settings-language"
                type="radio"
                value="en"
              />
              <span>
                English
              </span>
            </label>
          </div>
        </div>
      </div>
      <div
        class="flex flex-wrap items-center gap-3 border-b border-line py-3 last:border-b-0"
        data-testid="settings-row-autostart"
      >
        <div
          class="flex min-w-60 grow basis-60 flex-col"
        >
          <span
            class="font-semibold"
            id="row-autostart"
          >
            הפעלה עם Windows
          </span>
          <span
            class="text-sm text-text-muted"
          >
            הסוכן עולה למגש המערכת עם הכניסה למחשב.
          </span>
        </div>
        <div
          class="flex flex-wrap items-center gap-2"
        >
          <button
            aria-checked="false"
            aria-labelledby="row-autostart"
            class="switch"
            data-testid="settings-autostart"
            role="switch"
            type="button"
          >
            <span
              class="switch-thumb"
            />
          </button>
        </div>
      </div>
      <div
        class="flex flex-wrap items-center gap-3 border-b border-line py-3 last:border-b-0"
        data-testid="settings-row-notifications"
      >
        <div
          class="flex min-w-60 grow basis-60 flex-col"
        >
          <label
            class="font-semibold"
            for="settings-notifications"
          >
            התראות
          </label>
          <span
            class="text-sm text-text-muted"
          >
            התראה לעולם אינה מכילה טקסט של הודעה.
            <br />
            שינויים אוטומטיים ביומן תמיד מציגים התראה, גם כשזה כבוי.
          </span>
        </div>
        <div
          class="flex flex-wrap items-center gap-2"
        >
          <select
            class="field"
            data-testid="settings-notifications"
            id="settings-notifications"
          >
            <option
              value="off"
            >
              כבויות
            </option>
            <option
              value="generic"
            >
              פועלות
            </option>
          </select>
        </div>
      </div>
      <div
        class="flex flex-wrap items-center gap-3 border-b border-line py-3 last:border-b-0"
        data-testid="settings-row-timezone"
      >
        <div
          class="flex min-w-60 grow basis-60 flex-col"
        >
          <span
            class="font-semibold"
          >
            אזור זמן
          </span>
        </div>
        <div
          class="flex flex-wrap items-center gap-2"
        >
          <span
            data-testid="settings-timezone"
          >
            Asia/Jerusalem - נלקח מ-Windows
          </span>
        </div>
      </div>
      <div
        class="flex flex-wrap items-center gap-3 border-b border-line py-3 last:border-b-0"
        data-testid="settings-row-pause"
      >
        <div
          class="flex min-w-60 grow basis-60 flex-col"
        >
          <span
            class="font-semibold"
            id="row-pause"
          >
            השהיית הסוכן
          </span>
          <span
            class="text-sm text-text-muted"
          >
            בזמן השהיה שום דבר לא מנותח, לא מנוסח, לא נשלח ולא נוצר.
          </span>
        </div>
        <div
          class="flex flex-wrap items-center gap-2"
        >
          <button
            aria-checked="false"
            aria-labelledby="row-pause"
            class="switch"
            data-testid="settings-pause"
            role="switch"
            type="button"
          >
            <span
              class="switch-thumb"
            />
          </button>
        </div>
      </div>
    </section>
    <section
      aria-labelledby="settings-h-ai"
      class="border-t border-line pt-4"
      data-testid="settings-group-ai"
      id="settings-group-ai"
    >
      <h2
        class="mt-0 mb-1 text-md font-semibold"
        id="settings-h-ai"
      >
        מנוע הבינה
      </h2>
      <div
        class="flex flex-col gap-3"
        data-embedded="1"
        data-testid="onboarding-choose-ai"
      >
        <div
          aria-label="מנוע הבינה"
          class="flex flex-col gap-3"
          role="radiogroup"
        >
          <div
            class="flex flex-col gap-2 rounded-md p-3 border-2 border-accent bg-accent-soft"
            data-selected="1"
            data-testid="ai-card-local"
          >
            <label
              class="flex items-start gap-2"
            >
              <input
                checked=""
                data-testid="choose-ai-local"
                name="ai-provider"
                type="radio"
                value="local"
              />
              <span
                class="grow font-semibold"
              >
                במחשב הזה
              </span>
              <span
                class="chip"
              >
                מומלץ
              </span>
            </label>
            <p
              class="m-0 text-text-muted"
            >
              פועל על המחשב הזה ושום דבר לא יוצא ממנו. נדרשת הורדה חד-פעמית של כ-4.6 ג׳יגה-בייט.
            </p>
            <p
              class="m-0 flex items-start gap-2 text-sm text-text-muted"
            >
              <svg
                aria-hidden="true"
                class="shrink-0"
                fill="none"
                height="16"
                stroke="currentColor"
                stroke-width="1.5"
                viewBox="0 0 16 16"
                width="16"
              >
                <path
                  d="M8 1.8 3.2 3.6v4.1c0 3 2 5.1 4.8 6.5 2.8-1.4 4.8-3.5 4.8-6.5V3.6L8 1.8Z"
                  stroke-linejoin="round"
                />
                <path
                  d="m5.9 7.9 1.5 1.6 2.9-3.1"
                  stroke-linecap="round"
                  stroke-linejoin="round"
                />
              </svg>
              <span>
                ההודעות שלך לא יוצאות מהמחשב.
              </span>
            </p>
            <div
              class="flex flex-col gap-2 border-t border-line pt-2"
              data-testid="ai-local-body"
            >
              <p
                class="m-0"
              >
                במחשב הזה יש 16 ג׳יגה-בייט זיכרון, בלי כרטיס מסך ייעודי, ו-100 ג׳יגה-בייט פנויים.
              </p>
              <p
                class="m-0"
              >
                ההתאמה הטובה ביותר: רגיל.
              </p>
              <div
                class="flex flex-wrap items-center gap-3"
              >
                <p
                  class="m-0 text-ok"
                  data-testid="ai-local-ready"
                >
                  המודל מוכן על המחשב הזה.
                </p>
                <button
                  aria-expanded="false"
                  class="btn btn-quiet"
                  data-testid="ai-size-toggle"
                  type="button"
                >
                  לבחור גודל אחר
                </button>
              </div>
            </div>
          </div>
          <div
            class="flex flex-col gap-2 rounded-md p-3 border border-line bg-surface"
            data-active="0"
            data-selected="0"
            data-testid="ai-card-claude_cli"
          >
            <label
              class="flex items-start gap-2"
            >
              <input
                data-testid="choose-ai-claude_cli"
                name="ai-provider"
                type="radio"
                value="claude_cli"
              />
              <span
                class="grow font-semibold"
              >
                Claude - המנוי שלך
              </span>
            </label>
            <p
              class="m-0 text-text-muted"
            >
              משתמש במנוי Claude שכבר יש לך, דרך Claude Code שהתקנת. בלי מפתח API.
            </p>
            <p
              class="m-0 flex items-start gap-2 text-sm text-text-muted"
            >
              <svg
                aria-hidden="true"
                class="shrink-0"
                fill="none"
                height="16"
                stroke="currentColor"
                stroke-width="1.5"
                viewBox="0 0 16 16"
                width="16"
              >
                <path
                  d="M8 1.8 3.2 3.6v4.1c0 3 2 5.1 4.8 6.5 2.8-1.4 4.8-3.5 4.8-6.5V3.6L8 1.8Z"
                  stroke-linejoin="round"
                />
                <path
                  d="m5.9 7.9 1.5 1.6 2.9-3.1"
                  stroke-linecap="round"
                  stroke-linejoin="round"
                />
              </svg>
              <span>
                השיחה שמנותחת נשלחת אל Anthropic דרך החשבון שלך - בלי שמות ובלי מספרי טלפון.
              </span>
            </p>
            <section
              class="flex flex-col gap-2"
              data-selected="false"
              data-size="full"
              data-state="not_installed"
              data-testid="connect-claude_cli"
            >
              <div
                class="flex flex-wrap items-center gap-2"
              >
                <span
                  aria-hidden="true"
                  class="icon icon-terminal text-warn"
                />
                <span
                  class="grow"
                  data-testid="connect-state-claude_cli"
                  role="status"
                >
                  Claude Code לא מותקן במחשב הזה.
                </span>
              </div>
              <p
                class="m-0 text-sm"
              >
                הריצו את הפקודה ב-PowerShell וחזרו לכאן:
              </p>
              <div
                class="flex flex-wrap items-center gap-2"
              >
                <input
                  aria-label="פקודת התקנה / פקודת עדכון"
                  class="field command-field min-w-0 grow basis-60"
                  data-testid="connect-command-claude_cli"
                  dir="ltr"
                  readonly=""
                  value="irm https://claude.ai/install.ps1 | iex"
                />
                <button
                  class="btn btn-primary"
                  data-testid="connect-copy-claude_cli"
                  type="button"
                >
                  העתקת הפקודה
                </button>
              </div>
              <div
                class="flex flex-wrap items-center gap-2"
              >
                <span
                  class="grow text-sm text-text-muted"
                >
                  האפליקציה אף פעם לא מתקינה דבר בעצמה.
                </span>
                <button
                  class="btn btn-quiet"
                  data-testid="connect-open-install-claude_cli"
                  type="button"
                >
                  פתיחת דף ההתקנה
                </button>
                <button
                  class="btn btn-quiet"
                  data-testid="connect-check-claude_cli"
                  type="button"
                >
                  בדיקה חוזרת
                </button>
                <span
                  class="text-xs text-text-muted"
                  data-testid="connect-checked-claude_cli"
                >
                  נבדק זה עתה
                </span>
              </div>
              <div
                class="flex flex-col items-start gap-1"
              >
                <button
                  aria-describedby="ai-use-why-claude_cli"
                  class="btn btn-outline"
                  data-testid="ai-use-claude_cli"
                  disabled=""
                  type="button"
                >
                  שימוש ב-Claude - המנוי שלך
                </button>
                <span
                  class="text-xs text-text-muted"
                  id="ai-use-why-claude_cli"
                >
                  קודם צריך להשלים את השלבים שלמעלה
                </span>
              </div>
            </section>
          </div>
          <button
            aria-controls="ai-experimental-cards"
            aria-expanded="false"
            class="btn btn-quiet self-start"
            data-testid="ai-show-experimental"
            type="button"
          >
            <span
              aria-hidden="true"
              class="icon-dir inline-block"
            >
              ›
            </span>
            הצגת אפשרויות ניסיוניות
          </button>
          <button
            aria-controls="ai-advanced-cards"
            aria-expanded="false"
            class="btn btn-quiet self-start"
            data-testid="ai-advanced"
            type="button"
          >
            <span
              aria-hidden="true"
              class="icon-dir inline-block"
            >
              ›
            </span>
            מתקדם: שימוש במפתח API
          </button>
        </div>
      </div>
      <div
        class="flex flex-col gap-1"
      >
        <button
          aria-controls="settings-cli-limits-body"
          aria-expanded="false"
          class="btn btn-quiet self-start"
          data-testid="settings-cli-limits"
          type="button"
        >
          <span
            aria-hidden="true"
            class="icon-dir inline-block"
          >
            ›
          </span>
          מגבלות שימוש
        </button>
      </div>
      <div
        class="flex flex-wrap items-center gap-3 border-b border-line py-3 last:border-b-0"
        data-testid="settings-row-acceleration"
      >
        <div
          class="flex min-w-60 grow basis-60 flex-col"
        >
          <label
            class="font-semibold"
            for="settings-acceleration"
          >
            האצת כרטיס מסך
          </label>
        </div>
        <div
          class="flex flex-wrap items-center gap-2"
        >
          <select
            class="field"
            data-testid="settings-acceleration"
            id="settings-acceleration"
          >
            <option
              value="auto"
            >
              אוטומטית
            </option>
            <option
              value="off"
            >
              כבויה
            </option>
          </select>
        </div>
      </div>
      <div
        class="flex flex-wrap items-center gap-3 border-b border-line py-3 last:border-b-0"
        data-testid="settings-row-speed"
      >
        <div
          class="flex min-w-60 grow basis-60 flex-col"
        >
          <span
            class="font-semibold"
          >
            מהירות במחשב הזה
          </span>
        </div>
        <div
          class="flex flex-wrap items-center gap-2"
        >
          <span
            data-testid="settings-speed"
          >
            טובה
          </span>
          <button
            class="btn btn-outline"
            data-testid="settings-self-test"
            type="button"
          >
            לבדוק שוב
          </button>
          <button
            class="btn btn-quiet"
            data-testid="settings-delete-model"
            type="button"
          >
            למחוק את המודל
          </button>
        </div>
      </div>
      <div
        class="flex flex-wrap items-center gap-3 border-b border-line py-3 last:border-b-0"
        data-testid="settings-row-budget"
      >
        <div
          class="flex min-w-60 grow basis-60 flex-col"
        >
          <label
            class="font-semibold"
            for="settings-budget"
          >
            תקציב ענן יומי (למפתחות API בלבד)
          </label>
        </div>
        <div
          class="flex flex-wrap items-center gap-2"
        >
          <input
            class="field tnum w-40"
            data-testid="settings-budget"
            id="settings-budget"
            inputmode="numeric"
            max="5000000"
            min="10000"
            step="10000"
            type="number"
            value="200000"
          />
          <span
            class="text-text-muted"
          >
            טוקנים ליום
          </span>
        </div>
      </div>
      <section
        aria-labelledby="settings-h-voice"
        class="flex flex-col gap-1 border-t border-line pt-3"
        data-testid="settings-voice"
      >
        <h3
          class="m-0 text-base font-semibold"
          id="settings-h-voice"
        >
          הודעות קוליות
        </h3>
        <p
          class="m-0 text-sm text-text-muted"
        >
          הודעות קוליות מתומללות תמיד במחשב הזה. שום דבר לא נשלח.
        </p>
        <div
          aria-labelledby="settings-h-voice"
          class="flex flex-col gap-1"
          role="radiogroup"
        >
          <div
            class="flex flex-wrap items-center gap-2"
          >
            <label
              class="flex grow basis-60 items-center gap-2"
            >
              <input
                checked=""
                data-testid="settings-voice-off"
                name="settings-voice"
                type="radio"
                value="off"
              />
              <span>
                כבוי
              </span>
            </label>
          </div>
          <div
            class="flex flex-wrap items-center gap-2"
          >
            <label
              class="flex grow basis-60 items-center gap-2"
            >
              <input
                data-testid="settings-voice-voice-hebrew"
                name="settings-voice"
                type="radio"
                value="voice-hebrew"
              />
              <span>
                מותאם לעברית (מומלץ)
              </span>
            </label>
          </div>
          <div
            class="flex flex-wrap items-center gap-2"
          >
            <label
              class="flex grow basis-60 items-center gap-2"
            >
              <input
                data-testid="settings-voice-voice-multilingual"
                name="settings-voice"
                type="radio"
                value="voice-multilingual"
              />
              <span>
                כל שפה, בזיהוי אוטומטי
              </span>
            </label>
          </div>
          <div
            class="flex flex-wrap items-center gap-2"
          >
            <label
              class="flex grow basis-60 items-center gap-2"
            >
              <input
                data-testid="settings-voice-voice-lite"
                name="settings-voice"
                type="radio"
                value="voice-lite"
              />
              <span>
                קל - מהיר יותר, מדויק פחות
              </span>
            </label>
          </div>
        </div>
        <div
          class="flex flex-wrap items-center gap-2"
        >
          <span
            class="grow text-sm"
            data-testid="settings-voice-bench"
          >
            מהירות במחשב הזה: עדיין לא נמדדה
          </span>
          <button
            class="btn btn-outline"
            data-testid="settings-voice-test"
            type="button"
          >
            בדיקה
          </button>
        </div>
        <p
          class="m-0 text-sm text-text-muted"
        >
          הודעות ארוכות מ-15 דקות לא מתומללות.
        </p>
      </section>
      <section
        aria-labelledby="settings-h-images"
        class="flex flex-col gap-1 border-t border-line pt-3"
        data-testid="settings-images"
      >
        <h3
          class="m-0 text-base font-semibold"
          id="settings-h-images"
        >
          תמונות
        </h3>
        <div
          class="flex flex-wrap items-center gap-3 border-b border-line py-3 last:border-b-0"
          data-testid="settings-row-images-enabled"
        >
          <div
            class="flex min-w-60 grow basis-60 flex-col"
          >
            <span
              class="font-semibold"
              id="row-images-enabled"
            >
              קריאת תמונות
            </span>
            <span
              class="text-sm text-text-muted"
            >
              תאריכים ומקומות שכתובים בתמונה (הזמנה, מודעה) הופכים להצעות לאירוע. מה שנקרא תמיד מוצג בכרטיס.
            </span>
          </div>
          <div
            class="flex flex-wrap items-center gap-2"
          >
            <button
              aria-checked="true"
              aria-labelledby="row-images-enabled"
              class="switch"
              data-testid="settings-images-enabled"
              role="switch"
              type="button"
            >
              <span
                class="switch-thumb"
              >
                <svg
                  aria-hidden="true"
                  class="shrink-0"
                  fill="none"
                  height="12"
                  stroke="currentColor"
                  stroke-width="1.75"
                  viewBox="0 0 16 16"
                  width="12"
                >
                  <path
                    d="m3.2 8.4 3.2 3.3 6.4-7"
                    stroke-linecap="round"
                    stroke-linejoin="round"
                  />
                </svg>
              </span>
            </button>
          </div>
        </div>
        <div
          class="flex flex-wrap items-center gap-3 border-b border-line py-3 last:border-b-0"
          data-testid="settings-row-images-local"
        >
          <div
            class="flex min-w-60 grow basis-60 flex-col"
          >
            <span
              class="font-semibold"
            >
              קריאת תמונות במחשב הזה
            </span>
            <span
              class="text-sm text-text-muted"
            >
              משמשת כשהבינה בענן לא קוראת תמונות. יורדת רק כשמבקשים.
            </span>
          </div>
          <div
            class="flex flex-wrap items-center gap-2"
          >
            <span
              class="text-sm"
              data-status="unknown"
              data-testid="settings-images-local-status"
            >
              לא הורד
            </span>
          </div>
        </div>
      </section>
    </section>
    <section
      aria-labelledby="settings-h-whatsapp"
      class="border-t border-line pt-4"
      data-testid="settings-group-whatsapp"
      id="settings-group-whatsapp"
    >
      <h2
        class="mt-0 mb-1 text-md font-semibold"
        id="settings-h-whatsapp"
      >
        וואטסאפ
      </h2>
      <div
        class="flex flex-wrap items-center gap-3 border-b border-line py-3 last:border-b-0"
        data-testid="settings-row-wa-status"
      >
        <div
          class="flex min-w-60 grow basis-60 flex-col"
        >
          <span
            class="font-semibold"
          >
            חיבור
          </span>
        </div>
        <div
          class="flex flex-wrap items-center gap-2"
        >
          <span
            data-testid="settings-wa-status"
          >
            מחובר
          </span>
          <button
            class="btn btn-outline"
            data-testid="settings-relink"
            type="button"
          >
            לקשר מחדש
          </button>
        </div>
      </div>
      <div
        class="flex flex-wrap items-center gap-3 border-b border-line py-3 last:border-b-0"
        data-testid="settings-row-wipe"
      >
        <div
          class="flex min-w-60 grow basis-60 flex-col"
        >
          <span
            class="font-semibold"
          >
            ניתוק ומחיקה
          </span>
        </div>
        <div
          class="flex flex-wrap items-center gap-2"
        >
          <button
            class="btn btn-danger"
            data-testid="settings-wipe"
            type="button"
          >
            לנתק ולמחוק
          </button>
        </div>
      </div>
    </section>
    <section
      aria-labelledby="settings-h-calendar"
      class="border-t border-line pt-4"
      data-testid="settings-group-calendar"
      id="settings-group-calendar"
    >
      <h2
        class="mt-0 mb-1 text-md font-semibold"
        id="settings-h-calendar"
      >
        יומן Google
      </h2>
      <div
        class="flex flex-wrap items-center gap-3 border-b border-line py-3 last:border-b-0"
        data-testid="settings-row-google-account"
      >
        <div
          class="flex min-w-60 grow basis-60 flex-col"
        >
          <span
            class="font-semibold"
          >
            חשבון Google
          </span>
        </div>
        <div
          class="flex flex-wrap items-center gap-2"
        >
          <span
            data-testid="settings-google-account"
          >
            לא מחובר
          </span>
          <button
            class="btn btn-outline"
            data-testid="settings-google-reconnect"
            type="button"
          >
            להתחבר
          </button>
          <button
            class="btn btn-quiet"
            data-testid="settings-google-replace"
            type="button"
          >
            להחליף את קובץ המפתח
          </button>
          <button
            class="btn btn-quiet"
            data-testid="settings-google-disconnect"
            type="button"
          >
            להתנתק
          </button>
        </div>
      </div>
      <div
        class="flex flex-wrap items-center gap-3 border-b border-line py-3 last:border-b-0"
        data-testid="settings-row-target-calendar"
      >
        <div
          class="flex min-w-60 grow basis-60 flex-col"
        >
          <label
            class="font-semibold"
            for="settings-target-calendar"
          >
            היומן לאירועים חדשים
          </label>
        </div>
        <div
          class="flex flex-wrap items-center gap-2"
        >
          <select
            class="field"
            data-testid="settings-target-calendar"
            id="settings-target-calendar"
          >
            <option
              value="primary"
            >
              Personal
            </option>
          </select>
          <span
            class="basis-full text-sm text-text-muted"
            data-role="owner"
            data-testid="settings-calendar-role"
          >
            היומן הזה בבעלותך
          </span>
        </div>
      </div>
      <div
        class="flex flex-wrap items-center gap-3 border-b border-line py-3 last:border-b-0"
        data-testid="settings-row-conflicts"
      >
        <div
          class="flex min-w-60 grow basis-60 flex-col"
        >
          <span
            class="font-semibold"
            id="row-conflicts"
          >
            יומנים לבדיקת התנגשויות
          </span>
        </div>
        <div
          class="flex flex-wrap items-center gap-2"
        >
          <div
            aria-labelledby="row-conflicts"
            class="flex flex-col gap-1"
            role="group"
          >
            <label
              class="flex items-center gap-2"
            >
              <input
                checked=""
                data-testid="settings-conflict-primary"
                type="checkbox"
              />
              <bdi>
                Personal
              </bdi>
            </label>
          </div>
        </div>
      </div>
    </section>
    <section
      aria-labelledby="settings-h-auto"
      class="flex flex-col gap-3 border-t border-line pt-4"
      data-testid="settings-group-auto"
      id="settings-group-auto"
    >
      <h2
        class="m-0 text-md font-semibold"
        id="settings-h-auto"
      >
        מצב אוטומטי
      </h2>
      <div
        class="flex flex-wrap items-center gap-2 rounded-md border border-line bg-surface p-3"
        data-state="none"
        data-testid="auto-state-card"
      >
        <span
          aria-hidden="true"
          class="icon icon-auto text-accent"
        />
        <span
          class="grow basis-60"
          role="status"
        >
          כבוי - אירועים ממתינים לאישור שלך.
        </span>
      </div>
      <p
        class="m-0"
      >
        הסוכן מוסיף ומשנה אירועים ביומן 
        <bdi>
          Personal
        </bdi>
         בעצמו. תשובות תמיד ממתינות לך.
      </p>
      <div
        class="flex flex-wrap gap-4"
      >
        <div
          class="flex min-w-60 grow basis-60 flex-col gap-1"
        >
          <h3
            class="m-0 text-base font-semibold"
            id="auto-happens-title"
          >
            מה קורה בלי לשאול אותך
          </h3>
          <ul
            aria-labelledby="auto-happens-title"
            class="m-0 flex flex-col gap-1 ps-5"
            data-testid="auto-happens"
          >
            <li>
              רק עם אנשים שכתבת להם, בשיחות שכתבת בהן ביממה האחרונה
            </li>
            <li>
              בתוך 30 הימים הקרובים, באורך של 5 דקות עד 4 שעות
            </li>
            <li>
              עד 3 ביום לכל איש קשר ועד 15 ביום בסך הכול
            </li>
            <li>
              על כל אחד מופיעה התראה עם אפשרות ביטול
            </li>
            <li>
              תשובות עדיין ממתינות לאישור שלך
            </li>
            <li>
              מסתיים מעצמו אחרי 30 ימים
            </li>
          </ul>
        </div>
        <div
          class="flex min-w-60 grow basis-60 flex-col gap-1"
        >
          <h3
            class="m-0 text-base font-semibold"
            id="auto-never-title"
          >
            מה אף פעם לא קורה
          </h3>
          <ul
            aria-labelledby="auto-never-title"
            class="m-0 flex flex-col gap-1 ps-5"
            data-testid="auto-never"
          >
            <li>
              מחיקת אירוע
            </li>
            <li>
              הזמנת אנשים
            </li>
            <li>
              שליחת הודעת וואטסאפ
            </li>
            <li>
              שום דבר שמקורו בהודעה קולית או בתמונה
            </li>
            <li>
              שום דבר שהבינה לא הייתה בטוחה בו או שיש עליו אזהרה
            </li>
            <li>
              שינוי אירועים שהסוכן לא הוסיף
            </li>
          </ul>
        </div>
      </div>
      <div
        class="flex flex-col"
      >
        <div
          class="flex flex-wrap items-center gap-3 border-b border-line py-2"
        >
          <span
            class="grow basis-60"
            id="auto-scope-edits-label"
          >
            לשנות גם אירועים כשאיש הקשר מבקש
          </span>
          <button
            aria-checked="true"
            aria-labelledby="auto-scope-edits-label"
            class="switch"
            data-testid="auto-scope-edits"
            role="switch"
            type="button"
          >
            <span
              class="switch-thumb"
            >
              <svg
                aria-hidden="true"
                class="shrink-0"
                fill="none"
                height="12"
                stroke="currentColor"
                stroke-width="1.75"
                viewBox="0 0 16 16"
                width="12"
              >
                <path
                  d="m3.2 8.4 3.2 3.3 6.4-7"
                  stroke-linecap="round"
                  stroke-linejoin="round"
                />
              </svg>
            </span>
          </button>
        </div>
        <div
          class="flex flex-wrap items-center gap-3 border-b border-line py-2"
        >
          <span
            class="flex grow basis-60 flex-col"
          >
            <span
              id="auto-scope-cancels-label"
            >
              לבטל גם אירועים כשאיש הקשר מבקש
            </span>
            <span
              class="text-sm text-text-muted"
              id="auto-scope-cancels-desc"
            >
              אירוע שבוטל נשאר ניתן לשחזור - ביטול השינוי מחזיר אותו.
            </span>
          </span>
          <button
            aria-checked="false"
            aria-describedby="auto-scope-cancels-desc"
            aria-labelledby="auto-scope-cancels-label"
            class="switch"
            data-testid="auto-scope-cancels"
            role="switch"
            type="button"
          >
            <span
              class="switch-thumb"
            />
          </button>
        </div>
        <div
          class="flex flex-wrap items-center gap-3 border-b border-line py-2"
        >
          <span
            class="grow basis-60"
            id="auto-scope-quiet-label"
          >
            לא בשעות השקטות (22:00-07:00)
          </span>
          <button
            aria-checked="true"
            aria-labelledby="auto-scope-quiet-label"
            class="switch"
            data-testid="auto-scope-quiet"
            role="switch"
            type="button"
          >
            <span
              class="switch-thumb"
            >
              <svg
                aria-hidden="true"
                class="shrink-0"
                fill="none"
                height="12"
                stroke="currentColor"
                stroke-width="1.75"
                viewBox="0 0 16 16"
                width="12"
              >
                <path
                  d="m3.2 8.4 3.2 3.3 6.4-7"
                  stroke-linecap="round"
                  stroke-linejoin="round"
                />
              </svg>
            </span>
          </button>
        </div>
        <div
          class="flex flex-wrap items-center gap-3 py-2"
        >
          <label
            class="grow basis-60"
            for="auto-scope-validity-select"
          >
            מסתיים אחרי
          </label>
          <select
            class="field w-40"
            data-testid="auto-scope-validity"
            id="auto-scope-validity-select"
          >
            <option
              value="30"
            >
              30 ימים
            </option>
            <option
              value="90"
            >
              90 ימים
            </option>
          </select>
        </div>
      </div>
      <p
        class="m-0 flex flex-wrap items-center gap-2"
        data-reason="trackRecord"
        data-testid="auto-precondition"
      >
        <span
          aria-hidden="true"
          class="icon icon-alert text-warn"
        />
        <span
          class="grow"
        >
          יהיה זמין אחרי שתאשרו בעצמכם 3 אירועים (עד עכשיו 0 מתוך 3).
        </span>
      </p>
      <button
        class="btn btn-quiet self-start"
        data-testid="auto-open-activity"
        type="button"
      >
        צפייה בפעילות האוטומטית
      </button>
    </section>
    <section
      aria-labelledby="settings-h-rules"
      class="border-t border-line pt-4"
      data-testid="settings-group-rules"
      id="settings-group-rules"
    >
      <h2
        class="mt-0 mb-1 text-md font-semibold"
        id="settings-h-rules"
      >
        כללי עבודה
      </h2>
      <div
        class="flex flex-wrap items-center gap-3 border-b border-line py-3 last:border-b-0"
        data-testid="settings-row-unknown"
      >
        <div
          class="flex min-w-60 grow basis-60 flex-col"
        >
          <span
            class="font-semibold"
            id="row-unknown"
          >
            לנתח שולחים לא מוכרים
          </span>
          <span
            class="text-sm text-text-muted"
          >
            כבוי כברירת מחדל: מנותחות רק שיחות עם אנשי קשר שמורים.
          </span>
        </div>
        <div
          class="flex flex-wrap items-center gap-2"
        >
          <button
            aria-checked="false"
            aria-labelledby="row-unknown"
            class="switch"
            data-testid="settings-unknown-senders"
            role="switch"
            type="button"
          >
            <span
              class="switch-thumb"
            />
          </button>
        </div>
      </div>
      <div
        class="flex flex-col gap-1 border-b border-line py-3"
        data-testid="settings-row-readtools"
      >
        <span
          class="font-semibold"
          id="row-readtools"
        >
          לאפשר לבינה לקרוא הודעות ישנות
        </span>
        <span
          class="text-sm text-text-muted"
        >
          הבינה יכולה להסתכל אחורה כשהודעה מתייחסת למשהו שנאמר קודם.
        </span>
        <div
          aria-labelledby="row-readtools"
          class="flex flex-col gap-1"
          role="radiogroup"
        >
          <label
            class="flex flex-wrap items-center gap-2"
          >
            <input
              data-testid="settings-readtools-off"
              name="settings-readtools"
              type="radio"
              value="off"
            />
            <span>
              כבוי
            </span>
          </label>
          <label
            class="flex flex-wrap items-center gap-2"
          >
            <input
              checked=""
              data-testid="settings-readtools-trigger_chat"
              name="settings-readtools"
              type="radio"
              value="trigger_chat"
            />
            <span>
              רק מהשיחה הזו
            </span>
            <span
              class="text-sm text-text-muted"
            >
              (
              מומלץ
              )
            </span>
          </label>
          <label
            class="flex flex-wrap items-center gap-2"
          >
            <input
              data-testid="settings-readtools-all_chats"
              name="settings-readtools"
              type="radio"
              value="all_chats"
            />
            <span>
              מכל השיחות שלי
            </span>
          </label>
        </div>
        <div
          class="flex flex-wrap items-center gap-3"
        >
          <label
            class="text-sm"
            for="settings-readtools-days-input"
          >
            כמה זמן אחורה
          </label>
          <input
            aria-valuetext="30 ימים"
            class="grow basis-40"
            data-testid="settings-readtools-days"
            id="settings-readtools-days-input"
            max="90"
            min="1"
            step="1"
            type="range"
            value="30"
          />
          <span
            class="tnum text-sm"
            dir="auto"
          >
            30 ימים
          </span>
        </div>
      </div>
      <div
        class="flex flex-wrap items-center gap-3 border-b border-line py-3 last:border-b-0"
        data-testid="settings-row-backlog"
      >
        <div
          class="flex min-w-60 grow basis-60 flex-col"
        >
          <label
            class="font-semibold"
            for="settings-backlog"
          >
            להתחיל מ
          </label>
        </div>
        <div
          class="flex flex-wrap items-center gap-2"
        >
          <select
            class="field"
            data-testid="settings-backlog"
            id="settings-backlog"
          >
            <option
              value="0"
            >
              מרגע הקישור
            </option>
            <option
              value="12"
            >
              עד 12 שעות אחורה
            </option>
            <option
              value="24"
            >
              עד 24 שעות אחורה
            </option>
            <option
              value="48"
            >
              עד 48 שעות אחורה
            </option>
            <option
              value="72"
            >
              עד 72 שעות אחורה
            </option>
          </select>
        </div>
      </div>
      <div
        class="flex flex-wrap items-center gap-3 border-b border-line py-3 last:border-b-0"
        data-testid="settings-row-ambiguous"
      >
        <div
          class="flex min-w-60 grow basis-60 flex-col"
        >
          <span
            class="font-semibold"
            id="row-ambiguous"
          >
            כששעה אינה חד-משמעית
          </span>
        </div>
        <div
          class="flex flex-wrap items-center gap-2"
        >
          <div
            aria-labelledby="row-ambiguous"
            class="flex flex-col gap-1"
            role="radiogroup"
          >
            <label
              class="flex items-center gap-2"
            >
              <input
                checked=""
                data-testid="settings-ambiguous-assume"
                name="settings-ambiguous"
                type="radio"
                value="assume"
              />
              <span>
                להניח את השעה הסבירה ולציין זאת בתשובה
              </span>
            </label>
            <label
              class="flex items-center gap-2"
            >
              <input
                data-testid="settings-ambiguous-ask"
                name="settings-ambiguous"
                type="radio"
                value="ask"
              />
              <span>
                לשאול את האדם לאיזו שעה התכוון
              </span>
            </label>
          </div>
        </div>
      </div>
      <div
        class="flex flex-wrap items-center gap-3 border-b border-line py-3 last:border-b-0"
        data-testid="settings-row-duration"
      >
        <div
          class="flex min-w-60 grow basis-60 flex-col"
        >
          <label
            class="font-semibold"
            for="settings-duration"
          >
            אורך ברירת מחדל לאירוע
          </label>
        </div>
        <div
          class="flex flex-wrap items-center gap-2"
        >
          <select
            class="field"
            data-testid="settings-duration"
            id="settings-duration"
          >
            <option
              value="30"
            >
              30 דקות
            </option>
            <option
              value="45"
            >
              45 דקות
            </option>
            <option
              value="60"
            >
              60 דקות
            </option>
            <option
              value="90"
            >
              90 דקות
            </option>
            <option
              value="120"
            >
              120 דקות
            </option>
          </select>
        </div>
      </div>
      <div
        class="flex flex-wrap items-center gap-3 border-b border-line py-3 last:border-b-0"
        data-testid="settings-row-ignored"
      >
        <div
          class="flex min-w-60 grow basis-60 flex-col"
        >
          <span
            class="font-semibold"
            id="row-ignored"
          >
            שיחות עם כלל משלהן
          </span>
        </div>
        <div
          class="flex flex-wrap items-center gap-2"
        >
          <span
            class="text-text-muted"
            data-testid="settings-ignored-empty"
          >
            לאף שיחה אין כלל משלה.
          </span>
        </div>
      </div>
    </section>
    <section
      aria-labelledby="settings-h-replies"
      class="border-t border-line pt-4"
      data-testid="settings-group-replies"
      id="settings-group-replies"
    >
      <h2
        class="mt-0 mb-1 text-md font-semibold"
        id="settings-h-replies"
      >
        תשובות
      </h2>
      <div
        class="flex flex-wrap items-center gap-3 border-b border-line py-3 last:border-b-0"
        data-testid="settings-row-gender"
      >
        <div
          class="flex min-w-60 grow basis-60 flex-col"
        >
          <span
            class="font-semibold"
            id="row-gender"
          >
            המין הדקדוקי שלכם בתשובות בעברית
          </span>
        </div>
        <div
          class="flex flex-wrap items-center gap-2"
        >
          <div
            aria-labelledby="row-gender"
            class="flex flex-wrap items-center gap-3"
            role="radiogroup"
          >
            <label
              class="flex items-center gap-2"
            >
              <input
                data-testid="settings-gender-m"
                name="settings-gender"
                type="radio"
                value="m"
              />
              <span>
                זכר
              </span>
            </label>
            <label
              class="flex items-center gap-2"
            >
              <input
                data-testid="settings-gender-f"
                name="settings-gender"
                type="radio"
                value="f"
              />
              <span>
                נקבה
              </span>
            </label>
            <label
              class="flex items-center gap-2"
            >
              <input
                checked=""
                data-testid="settings-gender-unspecified"
                name="settings-gender"
                type="radio"
                value="unspecified"
              />
              <span>
                ניסוח ניטרלי
              </span>
            </label>
          </div>
        </div>
      </div>
    </section>
    <section
      aria-labelledby="settings-h-privacy"
      class="border-t border-line pt-4"
      data-testid="settings-group-privacy"
      id="settings-group-privacy"
    >
      <h2
        class="mt-0 mb-1 text-md font-semibold"
        id="settings-h-privacy"
      >
        פרטיות ונתונים
      </h2>
      <table
        class="w-full border-collapse text-start text-sm"
        data-testid="settings-privacy-table"
      >
        <caption
          class="pb-1 text-start font-semibold"
        >
          מה יוצא מהמחשב הזה
        </caption>
        <thead>
          <tr>
            <th
              class="border-b border-line py-1 text-start"
              scope="col"
            >
              שירות
            </th>
            <th
              class="border-b border-line py-1 text-start"
              scope="col"
            >
              מה נשלח
            </th>
            <th
              class="border-b border-line py-1 text-start"
              scope="col"
            >
              מי מקבל
            </th>
          </tr>
        </thead>
        <tbody>
          <tr>
            <th
              class="border-b border-line py-1 text-start font-normal"
              scope="row"
            >
              בינה על המחשב הזה
            </th>
            <td
              class="border-b border-line py-1"
            >
              שום דבר
            </td>
            <td
              class="border-b border-line py-1"
            >
              אף אחד
            </td>
          </tr>
          <tr>
            <th
              class="border-b border-line py-1 text-start font-normal"
              scope="row"
            >
              Claude - המנוי שלך
            </th>
            <td
              class="border-b border-line py-1"
            >
              הטקסט של השיחה שמנותחת, בלי שמות ומספרי טלפון; תמלולים של הודעות קוליות; תמונות כשהאפשרות "קריאת תמונות עם Anthropic" פעילה; הודעות קודמות מהשיחה הזו (או מכל השיחות, אם בחרתם בזה)
            </td>
            <td
              class="border-b border-line py-1"
            >
              חברת Anthropic, דרך ההתחברות שלכם ל-Claude Code
            </td>
          </tr>
          <tr>
            <th
              class="border-b border-line py-1 text-start font-normal"
              scope="row"
            >
              Gemini - המנוי שלך (ניסיוני)
            </th>
            <td
              class="border-b border-line py-1"
            >
              אותו טקסט, תמלולים והודעות קודמות; אף פעם לא תמונות. Antigravity גם שומר עותק של כל בקשה במחשב הזה.
            </td>
            <td
              class="border-b border-line py-1"
            >
              חברת Google, דרך ההתחברות שלכם ל-Antigravity
            </td>
          </tr>
          <tr>
            <th
              class="border-b border-line py-1 text-start font-normal"
              scope="row"
            >
              Claude עם מפתח API
            </th>
            <td
              class="border-b border-line py-1"
            >
              הטקסט של השיחה שמנותחת, בלי שמות ומספרי טלפון; תמלולים של הודעות קוליות; תמונות כשהאפשרות פעילה; הודעות קודמות
            </td>
            <td
              class="border-b border-line py-1"
            >
              חברת Anthropic
            </td>
          </tr>
          <tr>
            <th
              class="border-b border-line py-1 text-start font-normal"
              scope="row"
            >
              Gemini עם מפתח API
            </th>
            <td
              class="border-b border-line py-1"
            >
              הטקסט של השיחה שמנותחת, בלי שמות ומספרי טלפון; תמלולים של הודעות קוליות; תמונות כשהאפשרות פעילה; הודעות קודמות
            </td>
            <td
              class="border-b border-line py-1"
            >
              חברת Google
            </td>
          </tr>
          <tr>
            <th
              class="border-b border-line py-1 text-start font-normal"
              scope="row"
            >
              הודעות קוליות
            </th>
            <td
              class="border-b border-line py-1"
            >
              כלום - התמלול נעשה במחשב הזה
            </td>
            <td
              class="border-b border-line py-1"
            >
              אף אחד
            </td>
          </tr>
          <tr>
            <th
              class="border-b border-line py-1 text-start font-normal"
              scope="row"
            >
              יומן Google
            </th>
            <td
              class="border-b border-line py-1"
            >
              השעות התפוסות והפנויות, האירועים שאישרתם, והשינויים והביטולים שאישרתם או שהמצב האוטומטי ביצע
            </td>
            <td
              class="border-b border-line py-1"
            >
              חברת Google
            </td>
          </tr>
          <tr>
            <th
              class="border-b border-line py-1 text-start font-normal"
              scope="row"
            >
              וואטסאפ
            </th>
            <td
              class="border-b border-line py-1"
            >
              התשובות שאישרתם
            </td>
            <td
              class="border-b border-line py-1"
            >
              האדם שאליו אתם משיבים
            </td>
          </tr>
        </tbody>
      </table>
      <div
        class="flex flex-wrap items-center gap-3 border-b border-line py-3 last:border-b-0"
        data-testid="settings-row-retention"
      >
        <div
          class="flex min-w-60 grow basis-60 flex-col"
        >
          <label
            class="font-semibold"
            for="settings-retention"
          >
            לשמור שיחות וטיוטות למשך
          </label>
        </div>
        <div
          class="flex flex-wrap items-center gap-2"
        >
          <select
            class="field"
            data-testid="settings-retention"
            id="settings-retention"
          >
            <option
              value="7"
            >
              7 ימים
            </option>
            <option
              value="14"
            >
              14 ימים
            </option>
            <option
              value="30"
            >
              30 ימים
            </option>
            <option
              value="60"
            >
              60 ימים
            </option>
            <option
              value="90"
            >
              90 ימים
            </option>
          </select>
        </div>
      </div>
      <div
        class="flex flex-wrap items-center gap-3 border-b border-line py-3 last:border-b-0"
        data-testid="settings-row-purge"
      >
        <div
          class="flex min-w-60 grow basis-60 flex-col"
        >
          <span
            class="font-semibold"
          >
            למחוק נתונים ישנים עכשיו
          </span>
        </div>
        <div
          class="flex flex-wrap items-center gap-2"
        >
          <button
            class="btn btn-danger"
            data-testid="settings-purge"
            type="button"
          >
            למחוק עכשיו
          </button>
        </div>
      </div>
      <div
        class="flex flex-wrap items-center gap-3 border-b border-line py-3 last:border-b-0"
        data-testid="settings-row-diagnostics"
      >
        <div
          class="flex min-w-60 grow basis-60 flex-col"
        >
          <span
            class="font-semibold"
          >
            אבחון
          </span>
          <span
            class="text-sm text-text-muted"
          >
            קובץ zip עם יומנים והגדרות - טקסט של הודעות ומפתחות מוסרים תחילה.
          </span>
        </div>
        <div
          class="flex flex-wrap items-center gap-2"
        >
          <button
            class="btn btn-outline"
            data-testid="settings-diagnostics"
            type="button"
          >
            לייצא אבחון
          </button>
        </div>
      </div>
      <div
        class="flex flex-wrap items-center gap-3 border-b border-line py-3 last:border-b-0"
        data-testid="settings-row-licences"
      >
        <div
          class="flex min-w-60 grow basis-60 flex-col"
        >
          <span
            class="font-semibold"
          >
            רישיונות קוד פתוח
          </span>
        </div>
        <div
          class="flex flex-wrap items-center gap-2"
        >
          <button
            class="btn btn-quiet"
            data-testid="settings-licences"
            type="button"
          >
            להציג את הרישיונות
          </button>
        </div>
      </div>
    </section>
  </div>
</main>
`;
